// Jest Snapshot v1, https://goo.gl/fbAQLP

exports[`Testing Register: renders correctly 1`] = `
Object {
  "asFragment": [Function],
  "baseElement": <body>
    <div>
      <div
        class="Auth-form-container"
      >
        <div
          class="introduction"
        >
          <div
            class="Logo-container"
          >
            <img
              alt="logo"
              src="logo.svg"
            />
            <img
              alt="logo-text"
              id="logo-text"
              src="logo-text.svg"
            />
          </div>
          <div
            class="text-left"
            id="intro-text"
          >
            Welcome to SocialDistribution,
            <br />
             your one stop shop for everything social media.
          </div>
        </div>
        <div>
          <form
            action="#"
            class="form"
          >
            <h3
              class="Auth-form-title"
            >
              Signup
            </h3>
            <div
              class="text-center"
            >
              Already registered?
              <span
                class="link-primary"
                id="reg-login"
              >
                Login
              </span>
            </div>
            <div
              class="mb-2 mt-4"
            >
              <label
                for="username"
              >
                Username
              </label>
              <input
                autocomplete="off"
                class="form-control shadow-none false"
                name="username"
                type="text"
                value=""
              />
            </div>
            <div
              class="mb-2 mt-4"
            >
              <label
                for="password"
              >
                Password
              </label>
              <input
                autocomplete="off"
                class="form-control shadow-none false"
                name="password"
                type="password"
                value=""
              />
            </div>
            <div
              class="mb-2 mt-4"
            >
              <label
                for="confirmPass"
              >
                Confirm Password
              </label>
              <input
                autocomplete="off"
                class="form-control shadow-none false"
                name="confirmPass"
                type="password"
                value=""
              />
            </div>
            <div
              class="mb-2 mt-4"
            >
              <label
                for="github"
              >
                GitHub
              </label>
              <input
                autocomplete="off"
                class="form-control shadow-none false"
                name="github"
                type="text"
                value=""
              />
            </div>
            <button
              class="btn btn-primary"
              id="submit-button"
              type="submit"
            >
              Submit
            </button>
          </form>
        </div>
      </div>
    </div>
  </body>,
  "container": <div>
    <div
      class="Auth-form-container"
    >
      <div
        class="introduction"
      >
        <div
          class="Logo-container"
        >
          <img
            alt="logo"
            src="logo.svg"
          />
          <img
            alt="logo-text"
            id="logo-text"
            src="logo-text.svg"
          />
        </div>
        <div
          class="text-left"
          id="intro-text"
        >
          Welcome to SocialDistribution,
          <br />
           your one stop shop for everything social media.
        </div>
      </div>
      <div>
        <form
          action="#"
          class="form"
        >
          <h3
            class="Auth-form-title"
          >
            Signup
          </h3>
          <div
            class="text-center"
          >
            Already registered?
            <span
              class="link-primary"
              id="reg-login"
            >
              Login
            </span>
          </div>
          <div
            class="mb-2 mt-4"
          >
            <label
              for="username"
            >
              Username
            </label>
            <input
              autocomplete="off"
              class="form-control shadow-none false"
              name="username"
              type="text"
              value=""
            />
          </div>
          <div
            class="mb-2 mt-4"
          >
            <label
              for="password"
            >
              Password
            </label>
            <input
              autocomplete="off"
              class="form-control shadow-none false"
              name="password"
              type="password"
              value=""
            />
          </div>
          <div
            class="mb-2 mt-4"
          >
            <label
              for="confirmPass"
            >
              Confirm Password
            </label>
            <input
              autocomplete="off"
              class="form-control shadow-none false"
              name="confirmPass"
              type="password"
              value=""
            />
          </div>
          <div
            class="mb-2 mt-4"
          >
            <label
              for="github"
            >
              GitHub
            </label>
            <input
              autocomplete="off"
              class="form-control shadow-none false"
              name="github"
              type="text"
              value=""
            />
          </div>
          <button
            class="btn btn-primary"
            id="submit-button"
            type="submit"
          >
            Submit
          </button>
        </form>
      </div>
    </div>
  </div>,
  "debug": [Function],
  "findAllByAltText": [Function],
  "findAllByDisplayValue": [Function],
  "findAllByLabelText": [Function],
  "findAllByPlaceholderText": [Function],
  "findAllByRole": [Function],
  "findAllByTestId": [Function],
  "findAllByText": [Function],
  "findAllByTitle": [Function],
  "findByAltText": [Function],
  "findByDisplayValue": [Function],
  "findByLabelText": [Function],
  "findByPlaceholderText": [Function],
  "findByRole": [Function],
  "findByTestId": [Function],
  "findByText": [Function],
  "findByTitle": [Function],
  "getAllByAltText": [Function],
  "getAllByDisplayValue": [Function],
  "getAllByLabelText": [Function],
  "getAllByPlaceholderText": [Function],
  "getAllByRole": [Function],
  "getAllByTestId": [Function],
  "getAllByText": [Function],
  "getAllByTitle": [Function],
  "getByAltText": [Function],
  "getByDisplayValue": [Function],
  "getByLabelText": [Function],
  "getByPlaceholderText": [Function],
  "getByRole": [Function],
  "getByTestId": [Function],
  "getByText": [Function],
  "getByTitle": [Function],
  "queryAllByAltText": [Function],
  "queryAllByDisplayValue": [Function],
  "queryAllByLabelText": [Function],
  "queryAllByPlaceholderText": [Function],
  "queryAllByRole": [Function],
  "queryAllByTestId": [Function],
  "queryAllByText": [Function],
  "queryAllByTitle": [Function],
  "queryByAltText": [Function],
  "queryByDisplayValue": [Function],
  "queryByLabelText": [Function],
  "queryByPlaceholderText": [Function],
  "queryByRole": [Function],
  "queryByTestId": [Function],
  "queryByText": [Function],
  "queryByTitle": [Function],
  "rerender": [Function],
  "unmount": [Function],
}
`;
